MSBuild version 18.6.3+84d3e95b4 for .NET Framework

  1>Checking Build System
  Building Custom Rule B:/Coding/02-Projects/Tools/Video-Editor/CMakeLists.txt
  Building Custom Rule B:/Coding/02-Projects/Tools/Video-Editor/CMakeLists.txt
  Scanning sources for module dependencies...
  Scanning sources for module dependencies...
  RuntimeInfo.cpp
  Project.cpp
  Time.cpp
  ProjectStore.cpp
  Compiling...
  RuntimeInfo.cpp
  Compiling...
  ProjectStore.cpp
  Project.cpp
  Time.cpp
  editor_media.vcxproj -> B:\Coding\02-Projects\Tools\Video-Editor\build\session-2-clean\Release\editor_media.lib
  editor_project.vcxproj -> B:\Coding\02-Projects\Tools\Video-Editor\build\session-2-clean\Release\editor_project.lib
  Automatic MOC for target VideoEditor
  Building Custom Rule B:/Coding/02-Projects/Tools/Video-Editor/CMakeLists.txt
  main.cpp
  Diagnostics.cpp
  MainWindow.cpp
  mocs_compilation_Release.cpp
  Generating Code...
  VideoEditor.vcxproj -> B:\Coding\02-Projects\Tools\Video-Editor\build\session-2-clean\Release\VideoEditor.exe
EXEC : warning : Translations will not be available due to the following error. [B:\Coding\02-Projects\Tools\Video-Editor\build\session-2-clean\VideoEditor.vcxproj]
  Cannot open B:/Coding/02-Projects/Tools/Video-Editor/.tools/qt/translations/catalogs.json
  B:\Coding\02-Projects\Tools\Video-Editor\build\session-2-clean\Release\VideoEditor.exe 64 bit, release executable
  Adding in plugin type generic for module: Qt6Gui
  Skipping plugin qtuiotouchplugin.dll due to skipped plugin type generic
  Adding in plugin type imageformats for module: Qt6Gui
  Adding in plugin type platforms for module: Qt6Gui
  Adding in plugin type styles for module: Qt6Widgets
  Direct dependencies: Qt6Core Qt6Gui Qt6Widgets
  All dependencies   : Qt6Core Qt6Gui Qt6Widgets
  To be deployed     : Qt6Core Qt6Gui Qt6Widgets
  Skipping system library C:/WINDOWS/system32/icuuc.dll
  Updating Qt6Core.dll.
  Updating Qt6Gui.dll.
  Updating Qt6Widgets.dll.
  Updating dxcompiler.dll.
  Updating dxil.dll.
  Creating directory B:/Coding/02-Projects/Tools/Video-Editor/build/session-2-clean/Release/imageformats.
  Updating qgif.dll.
  Updating qico.dll.
  Updating qjpeg.dll.
  Creating directory B:/Coding/02-Projects/Tools/Video-Editor/build/session-2-clean/Release/platforms.
  Updating qwindows.dll.
  Creating directory B:/Coding/02-Projects/Tools/Video-Editor/build/session-2-clean/Release/styles.
  Updating qmodernwindowsstyle.dll.
  Building Custom Rule B:/Coding/02-Projects/Tools/Video-Editor/CMakeLists.txt
  Scanning sources for module dependencies...
  ProjectTests.cpp
  Compiling...
  ProjectTests.cpp
  ProjectTests.vcxproj -> B:\Coding\02-Projects\Tools\Video-Editor\build\session-2-clean\Release\ProjectTests.exe
  Building Custom Rule B:/Coding/02-Projects/Tools/Video-Editor/CMakeLists.txt
MSBuild version 18.6.3+84d3e95b4 for .NET Framework

  Scanning sources for module dependencies...
  editor_media.vcxproj -> B:\Coding\02-Projects\Tools\Video-Editor\build\session-2-clean\Release\editor_media.lib
  Scanning sources for module dependencies...
  ProjectStore.cpp
  Time.cpp
  Project.cpp
  Compiling...
  Project.cpp
  ProjectStore.cpp
  Time.cpp
  editor_project.vcxproj -> B:\Coding\02-Projects\Tools\Video-Editor\build\session-2-clean\Release\editor_project.lib
  Automatic MOC for target VideoEditor
  mocs_compilation_Release.cpp
  MainWindow.cpp
  main.cpp
  Generating Code...
  VideoEditor.vcxproj -> B:\Coding\02-Projects\Tools\Video-Editor\build\session-2-clean\Release\VideoEditor.exe
EXEC : warning : Translations will not be available due to the following error. [B:\Coding\02-Projects\Tools\Video-Editor\build\session-2-clean\VideoEditor.vcxproj]
  Cannot open B:/Coding/02-Projects/Tools/Video-Editor/.tools/qt/translations/catalogs.json
  Adding local dependencyB:/Coding/02-Projects/Tools/Video-Editor/build/session-2-clean/Release/avutil-61.dll
  B:\Coding\02-Projects\Tools\Video-Editor\build\session-2-clean\Release\VideoEditor.exe 64 bit, release executable
  Adding in plugin type generic for module: Qt6Gui
  Skipping plugin qtuiotouchplugin.dll due to skipped plugin type generic
  Adding in plugin type imageformats for module: Qt6Gui
  Adding in plugin type platforms for module: Qt6Gui
  Adding in plugin type styles for module: Qt6Widgets
  Direct dependencies: Qt6Core Qt6Gui Qt6Widgets
  All dependencies   : Qt6Core Qt6Gui Qt6Widgets
  To be deployed     : Qt6Core Qt6Gui Qt6Widgets
  Skipping system library C:/WINDOWS/system32/icuuc.dll
  Qt6Core.dll is up to date.
  Qt6Gui.dll is up to date.
  Qt6Widgets.dll is up to date.
  dxcompiler.dll is up to date.
  dxil.dll is up to date.
  qgif.dll is up to date.
  qico.dll is up to date.
  qjpeg.dll is up to date.
  qwindows.dll is up to date.
  qmodernwindowsstyle.dll is up to date.
  Scanning sources for module dependencies...
  ProjectTests.cpp
  Compiling...
  ProjectTests.cpp
  ProjectTests.vcxproj -> B:\Coding\02-Projects\Tools\Video-Editor\build\session-2-clean\Release\ProjectTests.exe
