MSBuild version 18.6.3+84d3e95b4 for .NET Framework

  Scanning sources for module dependencies...
  editor_project.vcxproj -> B:\Coding\02-Projects\Tools\Video-Editor\build\session-3\Release\editor_project.lib
  Automatic MOC for target editor_media
  Scanning sources for module dependencies...
  editor_media.vcxproj -> B:\Coding\02-Projects\Tools\Video-Editor\build\session-3\Release\editor_media.lib
  Automatic MOC for target VideoEditor
  VideoEditor.vcxproj -> B:\Coding\02-Projects\Tools\Video-Editor\build\session-3\Release\VideoEditor.exe
EXEC : warning : Translations will not be available due to the following error. [B:\Coding\02-Projects\Tools\Video-Editor\build\session-3\VideoEditor.vcxproj]
  Cannot open B:/Coding/02-Projects/Tools/Video-Editor/.tools/qt/translations/catalogs.json
  Adding local dependencyB:/Coding/02-Projects/Tools/Video-Editor/build/session-3/Release/avutil-61.dll
  Adding local dependencyB:/Coding/02-Projects/Tools/Video-Editor/build/session-3/Release/avformat-63.dll
  Adding local dependencyB:/Coding/02-Projects/Tools/Video-Editor/build/session-3/Release/avcodec-63.dll
  Adding local dependencyB:/Coding/02-Projects/Tools/Video-Editor/build/session-3/Release/swscale-10.dll
  Adding local dependencyB:/Coding/02-Projects/Tools/Video-Editor/build/session-3/Release/swresample-7.dll
  B:\Coding\02-Projects\Tools\Video-Editor\build\session-3\Release\VideoEditor.exe 64 bit, release executable
  Adding in plugin type generic for module: Qt6Gui
  Skipping plugin qtuiotouchplugin.dll due to skipped plugin type generic
  Adding in plugin type imageformats for module: Qt6Gui
  Adding in plugin type platforms for module: Qt6Gui
  Adding in plugin type styles for module: Qt6Widgets
  Direct dependencies: Qt6Core Qt6Gui Qt6Widgets
  All dependencies   : Qt6Core Qt6Gui Qt6Widgets
  To be deployed     : Qt6Core Qt6Gui Qt6Widgets
  Skipping system library C:/WINDOWS/system32/icuuc.dll
  Qt6Core.dll is up to date.
  Qt6Gui.dll is up to date.
  Qt6Widgets.dll is up to date.
  dxcompiler.dll is up to date.
  dxil.dll is up to date.
  qgif.dll is up to date.
  qico.dll is up to date.
  qjpeg.dll is up to date.
  qwindows.dll is up to date.
  qmodernwindowsstyle.dll is up to date.
  Automatic MOC for target MediaTests
  Scanning sources for module dependencies...
  ProjectTests.vcxproj -> B:\Coding\02-Projects\Tools\Video-Editor\build\session-3\Release\ProjectTests.exe
  Scanning sources for module dependencies...
  MediaTests.cpp
  Compiling...
  MediaTests.cpp
  MediaTests.vcxproj -> B:\Coding\02-Projects\Tools\Video-Editor\build\session-3\Release\MediaTests.exe
