MSBuild version 18.6.3+84d3e95b4 for .NET Framework

  editor_export_resources_1.vcxproj -> B:\Coding\02-Projects\Tools\Video-Editor\build\session-8\editor_export_resources_1.dir\Release\editor_export_resources_1.lib
  Scanning sources for module dependencies...
  editor_project.vcxproj -> B:\Coding\02-Projects\Tools\Video-Editor\build\session-8\Release\editor_project.lib
  Automatic MOC for target editor_playback
  Automatic MOC for target editor_media
  Scanning sources for module dependencies...
  editor_timeline.vcxproj -> B:\Coding\02-Projects\Tools\Video-Editor\build\session-8\Release\editor_timeline.lib
  Automatic MOC for target editor_timeline_ui
  Scanning sources for module dependencies...
  editor_media.vcxproj -> B:\Coding\02-Projects\Tools\Video-Editor\build\session-8\Release\editor_media.lib
  Scanning sources for module dependencies...
  editor_timeline_ui.vcxproj -> B:\Coding\02-Projects\Tools\Video-Editor\build\session-8\Release\editor_timeline_ui.lib
  Scanning sources for module dependencies...
  MonitorWidget.cpp
  RenderDescription.cpp
  DecodeWorker.cpp
  PlaybackController.cpp
  AudioMixer.cpp
  AudioOutput.cpp
  Compiling...
  RenderDescription.cpp
  DecodeWorker.cpp
  AudioMixer.cpp
  MonitorWidget.cpp
  AudioOutput.cpp
  PlaybackController.cpp
  mocs_compilation_Release.cpp
  editor_playback.vcxproj -> B:\Coding\02-Projects\Tools\Video-Editor\build\session-8\Release\editor_playback.lib
  Automatic MOC for target editor_export
  Scanning sources for module dependencies...
  ExportWorker.cpp
  ExportDialog.cpp
  Compiling...
  ExportWorker.cpp
  ExportDialog.cpp
  mocs_compilation_Release.cpp
  editor_export.vcxproj -> B:\Coding\02-Projects\Tools\Video-Editor\build\session-8\Release\editor_export.lib
  Automatic MOC for target VideoEditor
  MainWindow.cpp
  VideoEditor.vcxproj -> B:\Coding\02-Projects\Tools\Video-Editor\build\session-8\Release\VideoEditor.exe
EXEC : warning : Translations will not be available due to the following error. [B:\Coding\02-Projects\Tools\Video-Editor\build\session-8\VideoEditor.vcxproj]
  Cannot open B:/Coding/02-Projects/Tools/Video-Editor/.tools/qt/translations/catalogs.json
  Adding local dependencyB:/Coding/02-Projects/Tools/Video-Editor/build/session-8/Release/swresample-7.dll
  Adding local dependencyB:/Coding/02-Projects/Tools/Video-Editor/build/session-8/Release/avutil-61.dll
  Adding local dependencyB:/Coding/02-Projects/Tools/Video-Editor/build/session-8/Release/avformat-63.dll
  Adding local dependencyB:/Coding/02-Projects/Tools/Video-Editor/build/session-8/Release/avcodec-63.dll
  Adding local dependencyB:/Coding/02-Projects/Tools/Video-Editor/build/session-8/Release/swscale-10.dll
  B:\Coding\02-Projects\Tools\Video-Editor\build\session-8\Release\VideoEditor.exe 64 bit, release executable
  Adding in plugin type generic for module: Qt6Gui
  Skipping plugin qtuiotouchplugin.dll due to skipped plugin type generic
  Adding in plugin type imageformats for module: Qt6Gui
  Adding in plugin type platforms for module: Qt6Gui
  Adding in plugin type styles for module: Qt6Widgets
  Direct dependencies: Qt6Core Qt6Gui Qt6OpenGL Qt6OpenGLWidgets Qt6Widgets
  All dependencies   : Qt6Core Qt6Gui Qt6OpenGL Qt6OpenGLWidgets Qt6Widgets
  To be deployed     : Qt6Core Qt6Gui Qt6OpenGL Qt6OpenGLWidgets Qt6Widgets
  Skipping system library C:/WINDOWS/system32/icuuc.dll
  Qt6Core.dll is up to date.
  Qt6Gui.dll is up to date.
  Qt6OpenGL.dll is up to date.
  Qt6OpenGLWidgets.dll is up to date.
  Qt6Widgets.dll is up to date.
  dxcompiler.dll is up to date.
  dxil.dll is up to date.
  qgif.dll is up to date.
  qico.dll is up to date.
  qjpeg.dll is up to date.
  qwindows.dll is up to date.
  qmodernwindowsstyle.dll is up to date.
  Automatic MOC for target MediaTests
  Automatic MOC for target TimelineUiTests
  Automatic MOC for target ExportTests
  Scanning sources for module dependencies...
  Scanning sources for module dependencies...
  Scanning sources for module dependencies...
  Scanning sources for module dependencies...
  Scanning sources for module dependencies...
  TimelineTests.vcxproj -> B:\Coding\02-Projects\Tools\Video-Editor\build\session-8\Release\TimelineTests.exe
  ProjectTests.vcxproj -> B:\Coding\02-Projects\Tools\Video-Editor\build\session-8\Release\ProjectTests.exe
  PlaybackBenchmark.cpp
  PlaybackTests.cpp
  AudioTitleTests.cpp
  Scanning sources for module dependencies...
  Scanning sources for module dependencies...
  Scanning sources for module dependencies...
  TimelineUiTests.cpp
  MainWindow.cpp
  MainWindow.cpp
  ExportTests.cpp
  MainWindow.cpp
  Compiling...
  Compiling...
  PlaybackTests.cpp
  AudioTitleTests.cpp
  Compiling...
  Compiling...
  Compiling...
  MainWindow.cpp
  MainWindow.cpp
  TimelineUiTests.cpp
  PlaybackBenchmark.cpp
  Compiling...
  MainWindow.cpp
  ExportTests.cpp
  PlaybackBenchmark.vcxproj -> B:\Coding\02-Projects\Tools\Video-Editor\build\session-8\Release\PlaybackBenchmark.exe
  PlaybackTests.vcxproj -> B:\Coding\02-Projects\Tools\Video-Editor\build\session-8\Release\PlaybackTests.exe
  AudioTitleTests.vcxproj -> B:\Coding\02-Projects\Tools\Video-Editor\build\session-8\Release\AudioTitleTests.exe
  MediaTests.vcxproj -> B:\Coding\02-Projects\Tools\Video-Editor\build\session-8\Release\MediaTests.exe
  TimelineUiTests.vcxproj -> B:\Coding\02-Projects\Tools\Video-Editor\build\session-8\Release\TimelineUiTests.exe
  ExportTests.vcxproj -> B:\Coding\02-Projects\Tools\Video-Editor\build\session-8\Release\ExportTests.exe
