[libx264 @ 00000122b4d36780] using SAR=1/1
[libx264 @ 00000122b4d36780] using cpu capabilities: MMX2 SSE2Fast SSSE3 SSE4.2 AVX FMA3 BMI2 AVX2
[libx264 @ 00000122b4d36780] profile High, level 1.3, 4:2:0, 8-bit
[libx264 @ 00000122b4d36780] 264 - core 165 r3223 0480cb0 - H.264/MPEG-4 AVC codec - Copyleft 2003-2025 - http://www.videolan.org/x264.html - options: cabac=1 ref=1 deblock=1:0:0 analyse=0x3:0x113 me=hex subme=2 psy=1 psy_rd=1.00:0.00 mixed_ref=0 me_range=16 chroma_me=1 trellis=0 8x8dct=1 cqm=0 deadzone=21,11 fast_pskip=1 chroma_qp_offset=0 threads=2 lookahead_threads=1 sliced_threads=0 nr=0 decimate=1 interlaced=0 bluray_compat=0 constrained_intra=0 bframes=3 b_pyramid=2 b_adapt=1 b_bias=0 direct=1 weightb=1 open_gop=0 weightp=1 keyint=60 keyint_min=6 scenecut=40 intra_refresh=0 rc_lookahead=10 rc=crf mbtree=1 crf=10.0 qcomp=0.60 qpmin=0 qpmax=69 qpstep=4 ip_ratio=1.40 aq=1:1.00
[libx264 @ 00000122b4d36780] frame I:18    Avg QP: 0.00  size:    81
[libx264 @ 00000122b4d36780] frame P:149   Avg QP: 1.08  size:    97
[libx264 @ 00000122b4d36780] frame B:193   Avg QP: 2.41  size:    84
[libx264 @ 00000122b4d36780] consecutive B-frames: 23.1% 13.9%  7.5% 55.6%
[libx264 @ 00000122b4d36780] mb I  I16..4: 99.6%  0.0%  0.4%
[libx264 @ 00000122b4d36780] mb P  I16..4: 36.7%  0.0%  0.0%  P16..4:  3.8%  0.0%  0.0%  0.0%  0.0%    skip:59.4%
[libx264 @ 00000122b4d36780] mb B  I16..4:  4.9%  0.0%  0.0%  B16..8:  0.4%  0.0%  0.0%  direct:16.9%  skip:77.9%  L0:50.9% L1:41.9% BI: 7.3%
[libx264 @ 00000122b4d36780] 8x8 transform intra:0.0% inter:52.2%
[libx264 @ 00000122b4d36780] coded y,uvDC,uvAC intra: 0.0% 0.9% 0.6% inter: 0.0% 13.8% 2.8%
[libx264 @ 00000122b4d36780] i16 v,h,dc,p: 97%  0%  3%  0%
[libx264 @ 00000122b4d36780] i8 v,h,dc,ddl,ddr,vr,hd,vl,hu: 25%  0% 69%  6%  0%  0%  0%  0%  0%
[libx264 @ 00000122b4d36780] i4 v,h,dc,ddl,ddr,vr,hd,vl,hu:  7%  2% 90%  0%  0%  0%  0%  0%  0%
[libx264 @ 00000122b4d36780] i8c dc,h,v,p: 92%  7%  2%  0%
[libx264 @ 00000122b4d36780] Weighted P-Frames: Y:65.1% UV:61.7%
[libx264 @ 00000122b4d36780] kb/s:21.41
[libx264 @ 00000122b6988c00] using SAR=1/1
[libx264 @ 00000122b6988c00] using cpu capabilities: MMX2 SSE2Fast SSSE3 SSE4.2 AVX FMA3 BMI2 AVX2
[libx264 @ 00000122b6988c00] profile High, level 1.3, 4:2:0, 8-bit
[libx264 @ 00000122b6988c00] 264 - core 165 r3223 0480cb0 - H.264/MPEG-4 AVC codec - Copyleft 2003-2025 - http://www.videolan.org/x264.html - options: cabac=1 ref=1 deblock=1:0:0 analyse=0x3:0x113 me=hex subme=2 psy=1 psy_rd=1.00:0.00 mixed_ref=0 me_range=16 chroma_me=1 trellis=0 8x8dct=1 cqm=0 deadzone=21,11 fast_pskip=1 chroma_qp_offset=0 threads=2 lookahead_threads=1 sliced_threads=0 nr=0 decimate=1 interlaced=0 bluray_compat=0 constrained_intra=0 bframes=3 b_pyramid=2 b_adapt=1 b_bias=0 direct=1 weightb=1 open_gop=0 weightp=1 keyint=60 keyint_min=6 scenecut=40 intra_refresh=0 rc_lookahead=10 rc=crf mbtree=1 crf=10.0 qcomp=0.60 qpmin=0 qpmax=69 qpstep=4 ip_ratio=1.40 aq=1:1.00
[libx264 @ 00000122b6988c00] frame I:18    Avg QP: 0.06  size:    81
[libx264 @ 00000122b6988c00] frame P:155   Avg QP: 1.08  size:    99
[libx264 @ 00000122b6988c00] frame B:187   Avg QP: 2.37  size:    91
[libx264 @ 00000122b6988c00] consecutive B-frames: 23.6% 18.9%  7.5% 50.0%
[libx264 @ 00000122b6988c00] mb I  I16..4: 99.6%  0.0%  0.4%
[libx264 @ 00000122b6988c00] mb P  I16..4: 38.3%  0.0%  0.0%  P16..4:  3.9%  0.0%  0.0%  0.0%  0.0%    skip:57.7%
[libx264 @ 00000122b6988c00] mb B  I16..4:  3.9%  0.0%  0.0%  B16..8:  0.4%  0.0%  0.0%  direct:19.1%  skip:76.6%  L0:51.5% L1:41.2% BI: 7.4%
[libx264 @ 00000122b6988c00] 8x8 transform intra:0.0% inter:47.6%
[libx264 @ 00000122b6988c00] coded y,uvDC,uvAC intra: 0.0% 0.8% 0.6% inter: 0.0% 15.2% 3.1%
[libx264 @ 00000122b6988c00] i16 v,h,dc,p: 97%  0%  2%  0%
[libx264 @ 00000122b6988c00] i8 v,h,dc,ddl,ddr,vr,hd,vl,hu: 25%  0% 69%  6%  0%  0%  0%  0%  0%
[libx264 @ 00000122b6988c00] i4 v,h,dc,ddl,ddr,vr,hd,vl,hu:  7%  2% 90%  0%  0%  0%  0%  0%  0%
[libx264 @ 00000122b6988c00] i8c dc,h,v,p: 92%  7%  1%  0%
[libx264 @ 00000122b6988c00] Weighted P-Frames: Y:67.1% UV:63.2%
[libx264 @ 00000122b6988c00] kb/s:22.51
[libx264 @ 00000122b58d3500] using SAR=1/1
[libx264 @ 00000122b58d3500] using cpu capabilities: MMX2 SSE2Fast SSSE3 SSE4.2 AVX FMA3 BMI2 AVX2
[libx264 @ 00000122b58d3500] profile High, level 1.3, 4:2:0, 8-bit
[libx264 @ 00000122b58d3500] 264 - core 165 r3223 0480cb0 - H.264/MPEG-4 AVC codec - Copyleft 2003-2025 - http://www.videolan.org/x264.html - options: cabac=1 ref=1 deblock=1:0:0 analyse=0x3:0x113 me=hex subme=2 psy=1 psy_rd=1.00:0.00 mixed_ref=0 me_range=16 chroma_me=1 trellis=0 8x8dct=1 cqm=0 deadzone=21,11 fast_pskip=1 chroma_qp_offset=0 threads=2 lookahead_threads=1 sliced_threads=0 nr=0 decimate=1 interlaced=0 bluray_compat=0 constrained_intra=0 bframes=3 b_pyramid=2 b_adapt=1 b_bias=0 direct=1 weightb=1 open_gop=0 weightp=1 keyint=60 keyint_min=6 scenecut=40 intra_refresh=0 rc_lookahead=10 rc=crf mbtree=1 crf=10.0 qcomp=0.60 qpmin=0 qpmax=69 qpstep=4 ip_ratio=1.40 aq=1:1.00
[libx264 @ 00000122b58d3500] frame I:20    Avg QP: 0.05  size:    81
[libx264 @ 00000122b58d3500] frame P:150   Avg QP: 1.14  size:    98
[libx264 @ 00000122b58d3500] frame B:190   Avg QP: 2.45  size:    90
[libx264 @ 00000122b58d3500] consecutive B-frames: 23.6% 15.0%  9.2% 52.2%
[libx264 @ 00000122b58d3500] mb I  I16..4: 99.6%  0.0%  0.4%
[libx264 @ 00000122b58d3500] mb P  I16..4: 38.4%  0.0%  0.0%  P16..4:  3.9%  0.0%  0.0%  0.0%  0.0%    skip:57.6%
[libx264 @ 00000122b58d3500] mb B  I16..4:  3.9%  0.0%  0.0%  B16..8:  0.4%  0.0%  0.0%  direct:19.3%  skip:76.4%  L0:51.5% L1:41.2% BI: 7.4%
[libx264 @ 00000122b58d3500] 8x8 transform intra:0.0% inter:47.6%
[libx264 @ 00000122b58d3500] coded y,uvDC,uvAC intra: 0.0% 0.8% 0.6% inter: 0.0% 15.5% 2.8%
[libx264 @ 00000122b58d3500] i16 v,h,dc,p: 97%  0%  3%  0%
[libx264 @ 00000122b58d3500] i8 v,h,dc,ddl,ddr,vr,hd,vl,hu: 25%  0% 69%  6%  0%  0%  0%  0%  0%
[libx264 @ 00000122b58d3500] i4 v,h,dc,ddl,ddr,vr,hd,vl,hu:  7%  2% 91%  0%  0%  0%  0%  0%  0%
[libx264 @ 00000122b58d3500] i8c dc,h,v,p: 92%  7%  1%  0%
[libx264 @ 00000122b58d3500] Weighted P-Frames: Y:64.0% UV:60.7%
[libx264 @ 00000122b58d3500] kb/s:22.32
[libx264 @ 00000122b58d3140] using SAR=1/1
[libx264 @ 00000122b58d3140] using cpu capabilities: MMX2 SSE2Fast SSSE3 SSE4.2 AVX FMA3 BMI2 AVX2
[libx264 @ 00000122b58d3140] profile High, level 1.3, 4:2:0, 8-bit
[libx264 @ 00000122b58d3140] 264 - core 165 r3223 0480cb0 - H.264/MPEG-4 AVC codec - Copyleft 2003-2025 - http://www.videolan.org/x264.html - options: cabac=1 ref=1 deblock=1:0:0 analyse=0x3:0x113 me=hex subme=2 psy=1 psy_rd=1.00:0.00 mixed_ref=0 me_range=16 chroma_me=1 trellis=0 8x8dct=1 cqm=0 deadzone=21,11 fast_pskip=1 chroma_qp_offset=0 threads=2 lookahead_threads=1 sliced_threads=0 nr=0 decimate=1 interlaced=0 bluray_compat=0 constrained_intra=0 bframes=3 b_pyramid=2 b_adapt=1 b_bias=0 direct=1 weightb=1 open_gop=0 weightp=1 keyint=60 keyint_min=6 scenecut=40 intra_refresh=0 rc_lookahead=10 rc=crf mbtree=1 crf=10.0 qcomp=0.60 qpmin=0 qpmax=69 qpstep=4 ip_ratio=1.40 aq=1:1.00
[libx264 @ 00000122b58d3140] frame I:1     Avg QP: 0.00  size:    94
[libx264 @ 00000122b58d3140] frame P:14    Avg QP: 0.70  size:    58
[libx264 @ 00000122b58d3140] frame B:15    Avg QP: 2.44  size:    49
[libx264 @ 00000122b58d3140] consecutive B-frames: 33.3%  0.0%  0.0% 66.7%
[libx264 @ 00000122b58d3140] mb I  I16..4: 99.6%  0.0%  0.4%
[libx264 @ 00000122b58d3140] mb P  I16..4: 26.2%  0.0%  0.0%  P16..4:  2.4%  0.0%  0.0%  0.0%  0.0%    skip:71.4%
[libx264 @ 00000122b58d3140] mb B  I16..4: 13.3%  0.0%  0.0%  B16..8:  0.1%  0.0%  0.0%  direct: 6.7%  skip:79.9%  L0: 0.0% L1:100.0% BI: 0.0%
[libx264 @ 00000122b58d3140] 8x8 transform intra:0.0% inter:100.0%
[libx264 @ 00000122b58d3140] coded y,uvDC,uvAC intra: 0.0% 0.4% 0.3% inter: 0.0% 5.7% 1.1%
[libx264 @ 00000122b58d3140] i16 v,h,dc,p: 96%  0%  4%  0%
[libx264 @ 00000122b58d3140] i4 v,h,dc,ddl,ddr,vr,hd,vl,hu:  0%  0% 100%  0%  0%  0%  0%  0%  0%
[libx264 @ 00000122b58d3140] i8c dc,h,v,p: 92%  8%  0%  0%
[libx264 @ 00000122b58d3140] Weighted P-Frames: Y:85.7% UV:85.7%
[libx264 @ 00000122b58d3140] kb/s:13.10
[libx264 @ 00000122b569b380] using SAR=1/1
[libx264 @ 00000122b569b380] using cpu capabilities: MMX2 SSE2Fast SSSE3 SSE4.2 AVX FMA3 BMI2 AVX2
[libx264 @ 00000122b569b380] profile High, level 1.3, 4:2:0, 8-bit
[libx264 @ 00000122b569b380] 264 - core 165 r3223 0480cb0 - H.264/MPEG-4 AVC codec - Copyleft 2003-2025 - http://www.videolan.org/x264.html - options: cabac=1 ref=1 deblock=1:0:0 analyse=0x3:0x113 me=hex subme=2 psy=1 psy_rd=1.00:0.00 mixed_ref=0 me_range=16 chroma_me=1 trellis=0 8x8dct=1 cqm=0 deadzone=21,11 fast_pskip=1 chroma_qp_offset=0 threads=2 lookahead_threads=1 sliced_threads=0 nr=0 decimate=1 interlaced=0 bluray_compat=0 constrained_intra=0 bframes=3 b_pyramid=2 b_adapt=1 b_bias=0 direct=1 weightb=1 open_gop=0 weightp=1 keyint=60 keyint_min=6 scenecut=40 intra_refresh=0 rc_lookahead=10 rc=crf mbtree=1 crf=10.0 qcomp=0.60 qpmin=0 qpmax=69 qpstep=4 ip_ratio=1.40 aq=1:1.00
[libx264 @ 00000122b569b380] frame I:1     Avg QP: 0.00  size:    67
[libx264 @ 00000122b569b380] frame P:8     Avg QP: 7.95  size:   409
[libx264 @ 00000122b569b380] frame B:21    Avg QP: 1.61  size:    17
[libx264 @ 00000122b569b380] consecutive B-frames:  6.7%  0.0%  0.0% 93.3%
[libx264 @ 00000122b569b380] mb I  I16..4: 99.6%  0.0%  0.4%
[libx264 @ 00000122b569b380] mb P  I16..4:  0.5%  0.0%  1.0%  P16..4:  8.0%  0.0%  0.1%  0.0%  0.0%    skip:90.4%
[libx264 @ 00000122b569b380] mb B  I16..4:  0.0%  0.0%  0.0%  B16..8:  0.0%  0.0%  0.0%  direct: 0.1%  skip:99.9%
[libx264 @ 00000122b569b380] 8x8 transform intra:0.0% inter:10.6%
[libx264 @ 00000122b569b380] coded y,uvDC,uvAC intra: 8.6% 0.0% 0.0% inter: 1.2% 0.0% 0.0%
[libx264 @ 00000122b569b380] i16 v,h,dc,p: 92%  0%  8%  0%
[libx264 @ 00000122b569b380] i4 v,h,dc,ddl,ddr,vr,hd,vl,hu: 24% 23% 26%  2%  4%  7%  4%  6%  4%
[libx264 @ 00000122b569b380] i8c dc,h,v,p: 100%  0%  0%  0%
[libx264 @ 00000122b569b380] Weighted P-Frames: Y:87.5% UV:0.0%
[libx264 @ 00000122b569b380] kb/s:29.59
[libx264 @ 00000122b59a1f40] using SAR=1/1
[libx264 @ 00000122b59a1f40] using cpu capabilities: MMX2 SSE2Fast SSSE3 SSE4.2 AVX FMA3 BMI2 AVX2
[libx264 @ 00000122b59a1f40] profile High, level 1.3, 4:2:0, 8-bit
[libx264 @ 00000122b59a1f40] 264 - core 165 r3223 0480cb0 - H.264/MPEG-4 AVC codec - Copyleft 2003-2025 - http://www.videolan.org/x264.html - options: cabac=1 ref=1 deblock=1:0:0 analyse=0x3:0x113 me=hex subme=2 psy=1 psy_rd=1.00:0.00 mixed_ref=0 me_range=16 chroma_me=1 trellis=0 8x8dct=1 cqm=0 deadzone=21,11 fast_pskip=1 chroma_qp_offset=0 threads=2 lookahead_threads=1 sliced_threads=0 nr=0 decimate=1 interlaced=0 bluray_compat=0 constrained_intra=0 bframes=3 b_pyramid=2 b_adapt=1 b_bias=0 direct=1 weightb=1 open_gop=0 weightp=1 keyint=60 keyint_min=6 scenecut=40 intra_refresh=0 rc_lookahead=10 rc=crf mbtree=1 crf=10.0 qcomp=0.60 qpmin=0 qpmax=69 qpstep=4 ip_ratio=1.40 aq=1:1.00
[libx264 @ 00000122b59a1f40] frame I:1     Avg QP: 0.00  size:    94
[libx264 @ 00000122b59a1f40] frame P:5     Avg QP: 0.80  size:    78
[libx264 @ 00000122b59a1f40] frame B:14    Avg QP: 2.33  size:    51
[libx264 @ 00000122b59a1f40] consecutive B-frames:  4.8%  0.0%  0.0% 95.2%
[libx264 @ 00000122b59a1f40] mb I  I16..4: 99.6%  0.0%  0.4%
[libx264 @ 00000122b59a1f40] mb P  I16..4: 36.7%  0.0%  0.0%  P16..4:  3.3%  0.0%  0.0%  0.0%  0.0%    skip:60.0%
[libx264 @ 00000122b59a1f40] mb B  I16..4: 14.2%  0.0%  0.0%  B16..8:  0.1%  0.0%  0.0%  direct: 7.2%  skip:78.5%  L0: 0.0% L1:100.0% BI: 0.0%
[libx264 @ 00000122b59a1f40] 8x8 transform intra:0.0% inter:100.0%
[libx264 @ 00000122b59a1f40] coded y,uvDC,uvAC intra: 0.0% 0.4% 0.3% inter: 0.1% 7.7% 1.1%
[libx264 @ 00000122b59a1f40] i16 v,h,dc,p: 95%  0%  5%  0%
[libx264 @ 00000122b59a1f40] i4 v,h,dc,ddl,ddr,vr,hd,vl,hu:  0%  0% 100%  0%  0%  0%  0%  0%  0%
[libx264 @ 00000122b59a1f40] i8c dc,h,v,p: 92%  8%  0%  0%
[libx264 @ 00000122b59a1f40] Weighted P-Frames: Y:60.0% UV:60.0%
[libx264 @ 00000122b59a1f40] kb/s:14.38
Effects: 979 checks, 0 failures
